[00:05:37] [main/INFO]: Loading Minecraft 1.20.1 with Fabric Loader 0.17.2
[00:05:38] [main/INFO]: Loading 62 mods:
	- architectury 9.2.14
	- fabric-api 0.92.6+1.20.1
	   |-- fabric-api-base 0.4.32+1802ada577
	   |-- fabric-api-lookup-api-v1 1.6.37+1802ada577
	   |-- fabric-biome-api-v1 13.0.14+1802ada577
	   |-- fabric-block-api-v1 1.0.12+1802ada577
	   |-- fabric-block-view-api-v2 1.0.3+924f046a77
	   |-- fabric-blockrenderlayer-v1 1.1.42+1802ada577
	   |-- fabric-client-tags-api-v1 1.1.3+1802ada577
	   |-- fabric-command-api-v1 1.2.35+f71b366f77
	   |-- fabric-command-api-v2 2.2.14+1802ada577
	   |-- fabric-commands-v0 0.2.52+df3654b377
	   |-- fabric-containers-v0 0.1.67+df3654b377
	   |-- fabric-content-registries-v0 4.0.13+1802ada577
	   |-- fabric-convention-tags-v1 1.5.6+1802ada577
	   |-- fabric-crash-report-info-v1 0.2.20+1802ada577
	   |-- fabric-data-attachment-api-v1 1.0.2+de0fd6d177
	   |-- fabric-data-generation-api-v1 12.3.7+1802ada577
	   |-- fabric-dimensions-v1 2.1.55+1802ada577
	   |-- fabric-entity-events-v1 1.6.1+1c78457f77
	   |-- fabric-events-interaction-v0 0.6.5+13a40c6677
	   |-- fabric-events-lifecycle-v0 0.2.64+df3654b377
	   |-- fabric-game-rule-api-v1 1.0.41+1802ada577
	   |-- fabric-item-api-v1 2.1.29+1802ada577
	   |-- fabric-item-group-api-v1 4.0.14+1802ada577
	   |-- fabric-key-binding-api-v1 1.0.38+1802ada577
	   |-- fabric-keybindings-v0 0.2.36+df3654b377
	   |-- fabric-lifecycle-events-v1 2.2.23+1802ada577
	   |-- fabric-loot-api-v2 1.2.3+1802ada577
	   |-- fabric-loot-tables-v1 1.1.47+9e7660c677
	   |-- fabric-message-api-v1 5.1.10+1802ada577
	   |-- fabric-mining-level-api-v1 2.1.52+1802ada577
	   |-- fabric-model-loading-api-v1 1.0.4+1802ada577
	   |-- fabric-models-v0 0.4.3+9386d8a777
	   |-- fabric-networking-api-v1 1.3.14+a158aa0477
	   |-- fabric-networking-v0 0.3.54+df3654b377
	   |-- fabric-object-builder-api-v1 11.1.5+e35120df77
	   |-- fabric-particles-v1 1.1.3+1802ada577
	   |-- fabric-recipe-api-v1 1.0.24+1802ada577
	   |-- fabric-registry-sync-v0 2.3.6+1802ada577
	   |-- fabric-renderer-api-v1 3.2.2+1802ada577
	   |-- fabric-renderer-indigo 1.5.3+85287f9f77
	   |-- fabric-renderer-registries-v1 3.2.47+df3654b377
	   |-- fabric-rendering-data-attachment-v1 0.3.39+92a0d36777
	   |-- fabric-rendering-fluids-v1 3.0.29+1802ada577
	   |-- fabric-rendering-v0 1.1.50+df3654b377
	   |-- fabric-rendering-v1 3.0.9+1802ada577
	   |-- fabric-resource-conditions-api-v1 2.3.9+1802ada577
	   |-- fabric-resource-loader-v0 0.11.12+fb82e9d777
	   |-- fabric-screen-api-v1 2.0.9+1802ada577
	   |-- fabric-screen-handler-api-v1 1.3.33+1802ada577
	   |-- fabric-sound-api-v1 1.0.14+1802ada577
	   |-- fabric-transfer-api-v1 3.3.6+8dd72ea377
	   \-- fabric-transitive-access-wideners-v1 4.3.2+1802ada577
	- fabric-language-kotlin 1.13.6+kotlin.2.2.20
	   |-- org_jetbrains_kotlin_kotlin-reflect 2.2.20
	   |-- org_jetbrains_kotlin_kotlin-stdlib 2.2.20
	   |-- org_jetbrains_kotlin_kotlin-stdlib-jdk7 2.2.20
	   |-- org_jetbrains_kotlin_kotlin-stdlib-jdk8 2.2.20
	   |-- org_jetbrains_kotlinx_atomicfu-jvm 0.29.0
	   |-- org_jetbrains_kotlinx_kotlinx-coroutines-core-jvm 1.10.2
	   |-- org_jetbrains_kotlinx_kotlinx-coroutines-jdk8 1.10.2
	   |-- org_jetbrains_kotlinx_kotlinx-datetime-jvm 0.7.1
	   |-- org_jetbrains_kotlinx_kotlinx-io-bytestring-jvm 0.8.0
	   |-- org_jetbrains_kotlinx_kotlinx-io-core-jvm 0.8.0
	   |-- org_jetbrains_kotlinx_kotlinx-serialization-cbor-jvm 1.9.0
	   |-- org_jetbrains_kotlinx_kotlinx-serialization-core-jvm 1.9.0
	   \-- org_jetbrains_kotlinx_kotlinx-serialization-json-jvm 1.9.0
	- fabricloader 0.17.2
	   \-- mixinextras 0.5.0
	- forgeconfigapiport 8.0.2
	- java 21
	- minecraft 1.20.1
	- skin_changer 0.6.6
	- tpaplusplus 1.6.0-1.20.x-RELEASE-CANDIDATE-1
[00:05:39] [main/INFO]: SpongePowered MIXIN Subsystem Version=0.8.7 Source=file:/workspaces/upgraded-octo-tribble/server/libraries/net/fabricmc/sponge-mixin/0.16.3+mixin.0.8.7/sponge-mixin-0.16.3+mixin.0.8.7.jar Service=Knot/Fabric Env=SERVER
[00:05:39] [main/INFO]: Compatibility level set to JAVA_16
[00:05:39] [main/INFO]: Compatibility level set to JAVA_17
[00:05:40] [main/INFO]: Initializing MixinExtras via com.llamalad7.mixinextras.service.MixinExtrasServiceImpl(version=0.5.0).
[00:05:46] [main/INFO]: INITIALIZING...
[00:05:46] [main/INFO]: REGISTERING BACK COMMAND...
[00:05:46] [main/INFO]: REGISTERING TPAACCEPT COMMAND...
[00:05:46] [main/INFO]: REGISTERING TPACANCEL COMMAND...
[00:05:46] [main/INFO]: REGISTERING TPA COMMAND...
[00:05:46] [main/INFO]: REGISTERING TPADENY COMMAND...
[00:05:46] [main/INFO]: REGISTERING TPAHERE COMMAND...
[00:05:46] [main/INFO]: REGISTERING TPAPLUSPLUS COMMAND...
[00:05:46] [main/INFO]: REGISTERING TPBLOCK COMMAND...
[00:05:46] [main/INFO]: REGISTERING TPTOGGLE COMMAND...
[00:05:46] [main/INFO]: REGISTERING TPUNBLOCK COMMAND...
[00:05:46] [main/INFO]: REGISTERING "LifecycleEvent.SERVER_STARTED"...
[00:05:46] [main/INFO]: REGISTERING "LifecycleEvent.SERVER_STOPPING"...
[00:05:46] [main/INFO]: REGISTERING "LifecycleEvent.LIVING_DEATH"...
[00:05:46] [main/INFO]: REGISTERING "PlayerEvent.PLAYER_JOIN"...
[00:05:46] [main/INFO]: REGISTERING "PlayerEvent.PLAYER_LEAVE"...
[00:05:46] [main/INFO]: REGISTERING "RequestTimeoutEvent"...
[00:05:46] [main/WARN]: USING EXPERIMENTAL NON BLOCKING TICK LOOP
[00:05:46] [main/INFO]: INITIALIZING TICK LOOP WITH RATE OF 20...
[00:05:47] [main/INFO]: ...INITIALIZATION COMPLETE
[00:05:47] [main/INFO]: Registering C2S receiver with id skin_changer:mbechannel/c6416779da663f62836ae72f0509aa3e
[00:05:47] [main/INFO]: Registering C2S receiver with id skin_changer:mbechannel/8489ea5ae87e3a6199b65ea21ca8f8c8
[00:05:47] [main/INFO]: Environment: authHost='https://authserver.mojang.com', accountsHost='https://api.mojang.com', sessionHost='https://sessionserver.mojang.com', servicesHost='https://api.minecraftservices.com', name='PROD'
[00:05:48] [DefaultDispatcher-worker-2/WARN]: You are running an outdated version of TPA++, latest version: 1.6.0-1.20.x-UNTESTED-BETA-3, your version: 1.6.0-1.20.x-RELEASE-CANDIDATE-1!
[00:05:48] [DefaultDispatcher-worker-2/WARN]: You are 1 version(s) out of date!
[00:05:49] [main/INFO]: Loaded 7 recipes
[00:05:49] [main/INFO]: Loaded 1271 advancements
[00:05:50] [main/INFO]: Applied 0 biome modifications to 0 of 64 new biomes in 1.612 ms
[00:05:50] [Server thread/INFO]: Starting minecraft server version 1.20.1
[00:05:50] [Server thread/INFO]: Loading properties
[00:05:50] [Server thread/INFO]: Default game type: SURVIVAL
[00:05:50] [Server thread/INFO]: Generating keypair
[00:05:50] [Server thread/INFO]: Starting Minecraft server on *:25565
[00:05:50] [Server thread/INFO]: Using epoll channel type
[00:05:50] [Server thread/WARN]: **** SERVER IS RUNNING IN OFFLINE/INSECURE MODE!
[00:05:50] [Server thread/WARN]: The server will make no attempt to authenticate usernames. Beware.
[00:05:50] [Server thread/WARN]: While this makes the game possible to play without internet access, it also opens up the ability for hackers to connect with any username they choose.
[00:05:50] [Server thread/WARN]: To change this, set "online-mode" to "true" in the server.properties file.
[00:05:50] [Server thread/INFO]: Preparing level "world"
[00:05:53] [Server thread/INFO]: Preparing start region for dimension minecraft:overworld
[00:05:54] [Worker-Main-2/INFO]: Preparing spawn area: 0%
[00:05:54] [Worker-Main-2/INFO]: Preparing spawn area: 0%
[00:05:54] [Worker-Main-2/INFO]: Preparing spawn area: 0%
[00:05:54] [Worker-Main-3/INFO]: Preparing spawn area: 0%
[00:05:55] [Worker-Main-3/INFO]: Preparing spawn area: 0%
[00:05:55] [Worker-Main-2/INFO]: Preparing spawn area: 0%
[00:05:56] [Worker-Main-2/INFO]: Preparing spawn area: 2%
[00:05:56] [Worker-Main-1/INFO]: Preparing spawn area: 13%
[00:05:57] [Worker-Main-1/INFO]: Preparing spawn area: 27%
[00:05:57] [Worker-Main-2/INFO]: Preparing spawn area: 81%
[00:05:57] [Server thread/INFO]: Time elapsed: 4599 ms
[00:05:57] [Server thread/INFO]: Done (7.245s)! For help, type "help"
[00:05:58] [Server thread/INFO]: Successfully loaded player data!
[00:08:37] [Server thread/INFO]: xXxJosue_A[/127.168.148.108:34333] logged in with entity id 85 at (574.2673464398175, 63.0, -275.44323760900534)
[00:08:37] [Server thread/INFO]: xXxJosue_A joined the game
[00:08:37] [Server thread/INFO]: Player xXxJosue_A just logged in with id e25aba2a-4334-376d-b48c-98814a8ca31f
[00:08:37] [ForkJoinPool-3-worker-1/INFO]: Loading local skin for player xXxJosue_A[e25aba2a-4334-376d-b48c-98814a8ca31f]
[00:08:37] [ForkJoinPool-3-worker-1/INFO]: Error downloading file https://playerdb.co/api/player/minecraft/xXxJosue_A
[00:10:16] [Server thread/INFO]: [Not Secure] [Server] oye josue puedes ver esto manda un mensaje al chat
[00:10:54] [Server thread/INFO]: [Not Secure] [Server] 👍👍👍👍👍👍
[00:23:33] [Server thread/INFO]: ItsMeYo[/127.63.68.41:55775] logged in with entity id 3147 at (597.4243129831694, 64.0, -283.61765198687937)
[00:23:33] [Server thread/INFO]: ItsMeYo joined the game
[00:23:33] [Server thread/INFO]: Player ItsMeYo just logged in with id 4b422bb3-5778-30ef-90d3-fa62ebf0458b
[00:23:33] [ForkJoinPool-3-worker-2/INFO]: Loading local skin for player ItsMeYo[4b422bb3-5778-30ef-90d3-fa62ebf0458b]
[00:23:33] [ForkJoinPool-3-worker-2/INFO]: File https://playerdb.co/api/player/minecraft/ItsMeYo downloaded
[00:24:00] [Server thread/INFO]: [Not Secure] [Server] 👍👍👍👍👍👍👍👍👍👍
[00:24:04] [Server thread/INFO]: [Not Secure] <xXxJosue_A> chen mete el voischat o como se escriba
[00:24:18] [Server thread/INFO]: [Not Secure] <ItsMeYo> en primeras, tienes microfono en tu pc?
[00:24:31] [Server thread/INFO]: [Not Secure] <xXxJosue_A> buen punto
[00:24:36] [Server thread/INFO]: [Not Secure] <ItsMeYo> tviste
[00:29:20] [Server thread/INFO]: [Not Secure] <xXxJosue_A> tienes cortapiedras???
[00:29:24] [Server thread/INFO]: [Not Secure] <ItsMeYo> non
[00:34:35] [Server thread/INFO]: [Not Secure] <ItsMeYo> quema la casa
[00:34:37] [Server thread/INFO]: xXxJosue_A has made the advancement [Not Today, Thank You]
[00:35:13] [Server thread/INFO]: [Not Secure] <ItsMeYo> oyee tu sabes de ltematica
[00:35:19] [Server thread/INFO]: [Not Secure] <xXxJosue_A> sisas
[00:35:25] [Server thread/INFO]: [Not Secure] <ItsMeYo> se me puso algo que no me deja prrecionar nada
[00:35:30] [Server thread/INFO]: [Not Secure] <ItsMeYo> placement none
[00:35:31] [Server thread/INFO]: [Not Secure] <xXxJosue_A> ya descargue una granja de hierro
[00:35:32] [Server thread/INFO]: [Not Secure] <ItsMeYo> que hago
[00:35:33] [Server thread/INFO]: [Not Secure] <xXxJosue_A> te paso?
[00:35:37] [Server thread/INFO]: [Not Secure] <ItsMeYo> se me puso algo que no me deja prrecionar nada
[00:35:39] [Server thread/INFO]: [Not Secure] <ItsMeYo> que hago
[00:36:00] [Server thread/INFO]: [Not Secure] <ItsMeYo> ah no ya le arregle
[00:36:02] [Server thread/INFO]: [Not Secure] <ItsMeYo> xd
[00:36:10] [Server thread/INFO]: [Not Secure] <xXxJosue_A> con cual boton?
[00:36:22] [Server thread/INFO]: [Not Secure] <ItsMeYo> nose xd
[00:36:25] [Server thread/INFO]: [Not Secure] <ItsMeYo> aparecio de la na
[00:36:53] [Server thread/INFO]: [Not Secure] <xXxJosue_A> ese era para cuando pongas bloque en una litematica se pongan auto
[00:37:05] [Server thread/INFO]: [Not Secure] <ItsMeYo> ya toca verle luego quema las casas
[00:37:58] [Server thread/INFO]: [Not Secure] <xXxJosue_A> comida?
[00:38:11] [Server thread/INFO]: [Not Secure] <ItsMeYo> no tengo
[00:38:14] [Server thread/INFO]: [Not Secure] <ItsMeYo> zombies
[00:38:16] [Server thread/INFO]: [Not Secure] <ItsMeYo> comer
[00:38:21] [Server thread/INFO]: [Not Secure] <ItsMeYo> yo
[00:41:06] [Server thread/INFO]: [Not Secure] <xXxJosue_A> le vas a meter a jenny?
[00:41:19] [Server thread/INFO]: [Not Secure] <ItsMeYo> en otro mundo
[00:41:36] [Server thread/INFO]: ItsMeYo has made the advancement [Not Today, Thank You]
[00:42:06] [Server thread/INFO]: [Not Secure] <ItsMeYo> aca aparecen esos caballos esqueletos
[00:42:08] [Server thread/INFO]: [Not Secure] <ItsMeYo> tatento
[00:42:14] [Server thread/INFO]: [Not Secure] <xXxJosue_A> ok
[00:42:20] [Server thread/INFO]: [Not Secure] <ItsMeYo> hdp
[00:42:37] [Server thread/INFO]: [Not Secure] <ItsMeYo> bravo
[00:42:38] [Server thread/INFO]: [Not Secure] <ItsMeYo> bravo
[00:42:40] [Server thread/INFO]: [Not Secure] <ItsMeYo> bravoo
[00:42:42] [Server thread/INFO]: [Not Secure] <xXxJosue_A> hdp
[00:42:46] [Server thread/INFO]: [Not Secure] <ItsMeYo> genio
[00:44:10] [Server thread/INFO]: [Not Secure] <xXxJosue_A> nmms no se prende fuego
[00:44:20] [Server thread/INFO]: [Not Secure] <ItsMeYo> estaba lloviendo
[00:44:21] [Server thread/INFO]: [Not Secure] <ItsMeYo> gay
[00:44:24] [Server thread/INFO]: [Not Secure] <xXxJosue_A> lptm
[00:44:37] [Server thread/INFO]: [Not Secure] <ItsMeYo> no lo ves pq esta las particulas desactivadas
[00:44:40] [Server thread/INFO]: [Not Secure] <ItsMeYo> luego te va mal
[00:45:30] [Server thread/INFO]: [Not Secure] <ItsMeYo> y zanahorias no?
[00:45:37] [Server thread/INFO]: [Not Secure] <xXxJosue_A> no comida de mrd
[00:45:42] [Server thread/INFO]: [Not Secure] <ItsMeYo> tya chato
[00:45:44] [Server thread/INFO]: [Not Secure] <xXxJosue_A> huesos?
[00:46:00] [Server thread/INFO]: [Not Secure] <ItsMeYo> no tengo toca ir al nether a ver esos bloques
[00:46:05] [Server thread/INFO]: [Not Secure] <xXxJosue_A> mmmm
[00:46:09] [Server thread/INFO]: [Not Secure] <ItsMeYo> tvoy air a buscar lava
[00:46:23] [Server thread/INFO]: [Not Secure] <xXxJosue_A> yaya
[00:46:57] [Server thread/INFO]: [Not Secure] <ItsMeYo> tenes cuvos
[00:47:07] [Server thread/INFO]: [Not Secure] <ItsMeYo> cubos
[00:47:23] [Server thread/INFO]: [Not Secure] <xXxJosue_A> no
[00:47:25] [Server thread/INFO]: [Not Secure] <xXxJosue_A> 1
[00:47:52] [Server thread/INFO]: [Not Secure] <ItsMeYo> voy a buscar estalactitas para dupear ava
[00:47:54] [Server thread/INFO]: [Not Secure] <ItsMeYo> lava
[00:55:19] [Server thread/INFO]: [Not Secure] <ItsMeYo> noooo
[00:55:26] [Server thread/INFO]: [Not Secure] <ItsMeYo> porque con cobestone
[00:55:37] [Server thread/INFO]: [Not Secure] <xXxJosue_A> tierra prefieres
[00:55:44] [Server thread/INFO]: [Not Secure] <ItsMeYo> pero cocina la piedra
[00:55:47] [Server thread/INFO]: [Not Secure] <ItsMeYo> para q sea lsia
[00:55:49] [Server thread/INFO]: [Not Secure] <ItsMeYo> lisa
[00:55:51] [Server thread/INFO]: [Not Secure] <xXxJosue_A> chchchc
[00:55:57] [Server thread/INFO]: [Not Secure] <xXxJosue_A> egg
[00:56:13] [Server thread/INFO]: [Not Secure] <xXxJosue_A> lana?
[00:56:21] [Server thread/INFO]: [Not Secure] <ItsMeYo> toma
[00:56:34] [Server thread/INFO]: [Not Secure] <ItsMeYo> toma
[00:56:34] [Server thread/INFO]: [Not Secure] <ItsMeYo> toma
[00:56:35] [Server thread/INFO]: [Not Secure] <ItsMeYo> toma
[00:56:35] [Server thread/INFO]: [Not Secure] <ItsMeYo> toma
[00:56:36] [Server thread/INFO]: [Not Secure] <ItsMeYo> toma
[01:00:56] [Server thread/INFO]: [Not Secure] <xXxJosue_A> quita los claderos
[01:01:13] [Server thread/INFO]: [Not Secure] <ItsMeYo> hay q guardar a los aldeanos
[01:05:47] [DefaultDispatcher-worker-2/WARN]: You are running an outdated version of TPA++, latest version: 1.6.0-1.20.x-UNTESTED-BETA-3, your version: 1.6.0-1.20.x-RELEASE-CANDIDATE-1!
[01:05:47] [DefaultDispatcher-worker-2/WARN]: You are 1 version(s) out of date!
[01:07:55] [Server thread/INFO]: [Not Secure] <ItsMeYo> dales zanahorias
[01:08:18] [Server thread/INFO]: [Not Secure] <xXxJosue_A> van a plantar zanahorias
[01:08:22] [Server thread/INFO]: [Not Secure] <ItsMeYo> bueno
[01:08:51] [Server thread/INFO]: [Not Secure] <xXxJosue_A> vrg
[01:09:54] [Server thread/INFO]: [Not Secure] <ItsMeYo> ya hay 4 stacks de cobestone en el cobre cocinada
[01:10:01] [Server thread/INFO]: [Not Secure] <xXxJosue_A> ya
[01:11:33] [Server thread/INFO]: [Not Secure] <xXxJosue_A> falta 1 aldeano
[01:11:40] [Server thread/INFO]: [Not Secure] <ItsMeYo> ya nada ya toca reproducir
[01:12:06] [Server thread/INFO]: [Not Secure] <ItsMeYo> donde pongo el portal para luego decorar
[01:12:43] [Server thread/INFO]: xXxJosue_A lost connection: Disconnected
[01:12:43] [Server thread/INFO]: xXxJosue_A left the game
[01:12:43] [Server thread/INFO]: Removing session data for player xXxJosue_A[e25aba2a-4334-376d-b48c-98814a8ca31f]
[01:12:43] [Server thread/WARN]: handleDisconnection() called twice
[01:13:02] [Server thread/INFO]: xXxJosue_A[/127.168.148.108:60575] logged in with entity id 13902 at (574.7827416048432, 64.0, -283.58095219157116)
[01:13:02] [Server thread/INFO]: xXxJosue_A joined the game
[01:13:02] [Server thread/INFO]: Player xXxJosue_A just logged in with id e25aba2a-4334-376d-b48c-98814a8ca31f
[01:13:02] [ForkJoinPool-3-worker-3/INFO]: Loading local skin for player xXxJosue_A[e25aba2a-4334-376d-b48c-98814a8ca31f]
[01:13:03] [ForkJoinPool-3-worker-3/INFO]: Error downloading file https://playerdb.co/api/player/minecraft/xXxJosue_A
[01:13:32] [Server thread/INFO]: xXxJosue_A lost connection: Timed out
[01:13:32] [Server thread/INFO]: xXxJosue_A left the game
[01:13:32] [Server thread/INFO]: Removing session data for player xXxJosue_A[e25aba2a-4334-376d-b48c-98814a8ca31f]
[01:13:57] [Server thread/INFO]: xXxJosue_A[/127.168.148.108:42099] logged in with entity id 14045 at (574.7827416048432, 64.0, -283.58095219157116)
[01:13:57] [Server thread/INFO]: xXxJosue_A joined the game
[01:13:57] [Server thread/INFO]: Player xXxJosue_A just logged in with id e25aba2a-4334-376d-b48c-98814a8ca31f
[01:13:57] [ForkJoinPool-3-worker-3/INFO]: Loading local skin for player xXxJosue_A[e25aba2a-4334-376d-b48c-98814a8ca31f]
[01:13:57] [ForkJoinPool-3-worker-3/INFO]: Error downloading file https://playerdb.co/api/player/minecraft/xXxJosue_A
[01:14:12] [Server thread/INFO]: [Not Secure] <xXxJosue_A> cheeen
[01:14:17] [Server thread/INFO]: [Not Secure] <ItsMeYo> qqq
[01:14:19] [Server thread/INFO]: [Not Secure] <xXxJosue_A> chen
[01:14:22] [Server thread/INFO]: [Not Secure] <ItsMeYo> tqqqq
[01:14:27] [Server thread/INFO]: xXxJosue_A lost connection: Timed out
[01:14:27] [Server thread/INFO]: xXxJosue_A left the game
[01:14:27] [Server thread/INFO]: Removing session data for player xXxJosue_A[e25aba2a-4334-376d-b48c-98814a8ca31f]
[01:15:02] [Server thread/INFO]: xXxJosue_A[/127.168.148.108:51435] logged in with entity id 14188 at (574.7827416048432, 64.0, -283.58095219157116)
[01:15:02] [Server thread/INFO]: xXxJosue_A joined the game
[01:15:02] [Server thread/INFO]: Player xXxJosue_A just logged in with id e25aba2a-4334-376d-b48c-98814a8ca31f
[01:15:02] [ForkJoinPool-3-worker-4/INFO]: Loading local skin for player xXxJosue_A[e25aba2a-4334-376d-b48c-98814a8ca31f]
[01:15:02] [ForkJoinPool-3-worker-4/INFO]: Error downloading file https://playerdb.co/api/player/minecraft/xXxJosue_A
[01:15:24] [Server thread/INFO]: [Not Secure] <xXxJosue_A> chen
[01:15:28] [Server thread/INFO]: xXxJosue_A lost connection: Disconnected
[01:15:28] [Server thread/INFO]: xXxJosue_A left the game
[01:15:28] [Server thread/INFO]: Removing session data for player xXxJosue_A[e25aba2a-4334-376d-b48c-98814a8ca31f]
[01:15:52] [Server thread/INFO]: xXxJosue_A[/127.168.148.108:56953] logged in with entity id 14316 at (574.7827416048432, 64.0, -283.58095219157116)
[01:15:52] [Server thread/INFO]: xXxJosue_A joined the game
[01:15:52] [Server thread/INFO]: Player xXxJosue_A just logged in with id e25aba2a-4334-376d-b48c-98814a8ca31f
[01:15:52] [ForkJoinPool-3-worker-4/INFO]: Loading local skin for player xXxJosue_A[e25aba2a-4334-376d-b48c-98814a8ca31f]
[01:15:52] [Server thread/INFO]: _luniyuxx[/127.207.82.28:46377] logged in with entity id 14317 at (570.8144728282462, 63.0, -278.0834845782788)
[01:15:52] [Server thread/INFO]: _luniyuxx joined the game
[01:15:52] [Server thread/INFO]: Player _luniyuxx just logged in with id bd12c95f-372c-37d3-9122-d4299caee58a
[01:15:52] [ForkJoinPool-3-worker-4/INFO]: Error downloading file https://playerdb.co/api/player/minecraft/xXxJosue_A
[01:15:53] [ForkJoinPool-3-worker-5/INFO]: Error downloading file https://playerdb.co/api/player/minecraft/_luniyuxx
[01:15:53] [ForkJoinPool-3-worker-5/INFO]: Error downloading file https://playerdb.co/api/player/minecraft/_luniyuxx
[01:15:53] [ForkJoinPool-3-worker-5/INFO]: Error downloading file https://playerdb.co/api/player/minecraft/_luniyuxx
[01:16:22] [Server thread/INFO]: xXxJosue_A lost connection: Timed out
[01:16:22] [Server thread/INFO]: xXxJosue_A left the game
[01:16:22] [Server thread/INFO]: Removing session data for player xXxJosue_A[e25aba2a-4334-376d-b48c-98814a8ca31f]
[01:17:07] [Server thread/INFO]: xXxJosue_A[/127.168.148.108:58473] logged in with entity id 14489 at (574.7827416048432, 63.231523797587016, -283.58095219157116)
[01:17:07] [Server thread/INFO]: xXxJosue_A joined the game
[01:17:07] [Server thread/INFO]: Player xXxJosue_A just logged in with id e25aba2a-4334-376d-b48c-98814a8ca31f
[01:17:07] [ForkJoinPool-3-worker-4/INFO]: Loading local skin for player xXxJosue_A[e25aba2a-4334-376d-b48c-98814a8ca31f]
[01:17:07] [ForkJoinPool-3-worker-4/INFO]: Error downloading file https://playerdb.co/api/player/minecraft/xXxJosue_A
[01:17:13] [Server thread/INFO]: xXxJosue_A lost connection: Disconnected
[01:17:13] [Server thread/INFO]: xXxJosue_A left the game
[01:17:13] [Server thread/INFO]: Removing session data for player xXxJosue_A[e25aba2a-4334-376d-b48c-98814a8ca31f]
[01:17:27] [Server thread/INFO]: [Not Secure] <_luniyuxx> que van a hacer
[01:17:34] [Server thread/INFO]: [Not Secure] <ItsMeYo> muchas cosas grnja
[01:18:07] [Server thread/INFO]: _luniyuxx lost connection: Disconnected
[01:18:07] [Server thread/INFO]: _luniyuxx left the game
[01:18:33] [Server thread/INFO]: ItsMeYo lost connection: Disconnected
[01:18:33] [Server thread/INFO]: ItsMeYo left the game
[01:18:33] [Server thread/INFO]: Removing session data for player ItsMeYo[4b422bb3-5778-30ef-90d3-fa62ebf0458b]
